[2026-09-20T21:58:24.977+0000] {taskinstance.py:1125} INFO - Dependencies all met for dep_context=non-requeueable deps ti=<TaskInstance: 4-dependencies.tarea2 scheduled__2023-05-01T00:00:00+00:00 [queued]>
[2026-09-20T21:58:25.018+0000] {taskinstance.py:1125} INFO - Dependencies all met for dep_context=requeueable deps ti=<TaskInstance: 4-dependencies.tarea2 scheduled__2023-05-01T00:00:00+00:00 [queued]>
[2026-09-20T21:58:25.019+0000] {taskinstance.py:1331} INFO - Starting attempt 1 of 1
[2026-09-20T21:58:25.166+0000] {taskinstance.py:1350} INFO - Executing <Task(BashOperator): tarea2> on 2023-05-01 00:00:00+00:00
[2026-09-20T21:58:25.236+0000] {standard_task_runner.py:57} INFO - Started process 233 to run task
[2026-09-20T21:58:25.296+0000] {standard_task_runner.py:84} INFO - Running: ['***', 'tasks', 'run', '4-dependencies', 'tarea2', 'scheduled__2023-05-01T00:00:00+00:00', '--job-id', '34', '--raw', '--subdir', 'DAGS_FOLDER/4_dependencies.py', '--cfg-path', '/tmp/tmpho5686hu']
[2026-09-20T21:58:25.303+0000] {standard_task_runner.py:85} INFO - Job 34: Subtask tarea2
[2026-09-20T21:58:25.856+0000] {task_command.py:410} INFO - Running <TaskInstance: 4-dependencies.tarea2 scheduled__2023-05-01T00:00:00+00:00 [running]> on host f248220f3539
[2026-09-20T21:58:26.372+0000] {taskinstance.py:1570} INFO - Exporting env vars: AIRFLOW_CTX_DAG_OWNER='***' AIRFLOW_CTX_DAG_ID='4-dependencies' AIRFLOW_CTX_TASK_ID='tarea2' AIRFLOW_CTX_EXECUTION_DATE='2023-05-01T00:00:00+00:00' AIRFLOW_CTX_TRY_NUMBER='1' AIRFLOW_CTX_DAG_RUN_ID='scheduled__2023-05-01T00:00:00+00:00'
[2026-09-20T21:58:26.402+0000] {subprocess.py:63} INFO - Tmp dir root location: 
 /tmp
[2026-09-20T21:58:26.418+0000] {subprocess.py:75} INFO - Running command: ['/bin/bash', '-c', "echo 'tarea2"]
[2026-09-20T21:58:26.555+0000] {subprocess.py:86} INFO - Output:
[2026-09-20T21:58:26.556+0000] {subprocess.py:93} INFO - /bin/bash: -c: line 1: unexpected EOF while looking for matching `''
[2026-09-20T21:58:26.556+0000] {subprocess.py:93} INFO - /bin/bash: -c: line 2: syntax error: unexpected end of file
[2026-09-20T21:58:26.556+0000] {subprocess.py:97} INFO - Command exited with return code 2
[2026-09-20T21:58:26.642+0000] {taskinstance.py:1847} ERROR - Task failed with exception
Traceback (most recent call last):
  File "/home/airflow/.local/lib/python3.7/site-packages/airflow/operators/bash.py", line 211, in execute
    f"Bash command failed. The command returned a non-zero exit code {result.exit_code}."
airflow.exceptions.AirflowException: Bash command failed. The command returned a non-zero exit code 2.
[2026-09-20T21:58:26.684+0000] {taskinstance.py:1373} INFO - Marking task as FAILED. dag_id=4-dependencies, task_id=tarea2, execution_date=20230501T000000, start_date=20260920T215824, end_date=20260920T215826
[2026-09-20T21:58:26.775+0000] {standard_task_runner.py:109} ERROR - Failed to execute job 34 for task tarea2 (Bash command failed. The command returned a non-zero exit code 2.; 233)
[2026-09-20T21:58:26.804+0000] {local_task_job_runner.py:232} INFO - Task exited with return code 1
[2026-09-20T21:58:26.889+0000] {taskinstance.py:2674} INFO - 0 downstream tasks scheduled from follow-on schedule check
