[2026-09-20T22:02:17.575+0000] {taskinstance.py:1125} INFO - Dependencies all met for dep_context=non-requeueable deps ti=<TaskInstance: 4-dependencies.tarea2 manual__2026-09-20T22:02:10.257496+00:00 [queued]>
[2026-09-20T22:02:17.591+0000] {taskinstance.py:1125} INFO - Dependencies all met for dep_context=requeueable deps ti=<TaskInstance: 4-dependencies.tarea2 manual__2026-09-20T22:02:10.257496+00:00 [queued]>
[2026-09-20T22:02:17.591+0000] {taskinstance.py:1331} INFO - Starting attempt 1 of 1
[2026-09-20T22:02:17.622+0000] {taskinstance.py:1350} INFO - Executing <Task(BashOperator): tarea2> on 2026-09-20 22:02:10.257496+00:00
[2026-09-20T22:02:17.631+0000] {standard_task_runner.py:57} INFO - Started process 1727 to run task
[2026-09-20T22:02:17.646+0000] {standard_task_runner.py:84} INFO - Running: ['***', 'tasks', 'run', '4-dependencies', 'tarea2', 'manual__2026-09-20T22:02:10.257496+00:00', '--job-id', '494', '--raw', '--subdir', 'DAGS_FOLDER/4_dependencies.py', '--cfg-path', '/tmp/tmp1951_gfg']
[2026-09-20T22:02:17.649+0000] {standard_task_runner.py:85} INFO - Job 494: Subtask tarea2
[2026-09-20T22:02:17.806+0000] {task_command.py:410} INFO - Running <TaskInstance: 4-dependencies.tarea2 manual__2026-09-20T22:02:10.257496+00:00 [running]> on host f248220f3539
[2026-09-20T22:02:17.966+0000] {taskinstance.py:1570} INFO - Exporting env vars: AIRFLOW_CTX_DAG_OWNER='***' AIRFLOW_CTX_DAG_ID='4-dependencies' AIRFLOW_CTX_TASK_ID='tarea2' AIRFLOW_CTX_EXECUTION_DATE='2026-09-20T22:02:10.257496+00:00' AIRFLOW_CTX_TRY_NUMBER='1' AIRFLOW_CTX_DAG_RUN_ID='manual__2026-09-20T22:02:10.257496+00:00'
[2026-09-20T22:02:17.971+0000] {subprocess.py:63} INFO - Tmp dir root location: 
 /tmp
[2026-09-20T22:02:17.972+0000] {subprocess.py:75} INFO - Running command: ['/bin/bash', '-c', "echo 'tarea2"]
[2026-09-20T22:02:17.990+0000] {subprocess.py:86} INFO - Output:
[2026-09-20T22:02:17.994+0000] {subprocess.py:93} INFO - /bin/bash: -c: line 1: unexpected EOF while looking for matching `''
[2026-09-20T22:02:17.994+0000] {subprocess.py:93} INFO - /bin/bash: -c: line 2: syntax error: unexpected end of file
[2026-09-20T22:02:17.995+0000] {subprocess.py:97} INFO - Command exited with return code 2
[2026-09-20T22:02:18.019+0000] {taskinstance.py:1847} ERROR - Task failed with exception
Traceback (most recent call last):
  File "/home/airflow/.local/lib/python3.7/site-packages/airflow/operators/bash.py", line 211, in execute
    f"Bash command failed. The command returned a non-zero exit code {result.exit_code}."
airflow.exceptions.AirflowException: Bash command failed. The command returned a non-zero exit code 2.
[2026-09-20T22:02:18.029+0000] {taskinstance.py:1373} INFO - Marking task as FAILED. dag_id=4-dependencies, task_id=tarea2, execution_date=20260920T220210, start_date=20260920T220217, end_date=20260920T220218
[2026-09-20T22:02:18.053+0000] {standard_task_runner.py:109} ERROR - Failed to execute job 494 for task tarea2 (Bash command failed. The command returned a non-zero exit code 2.; 1727)
[2026-09-20T22:02:18.101+0000] {local_task_job_runner.py:232} INFO - Task exited with return code 1
[2026-09-20T22:02:18.143+0000] {taskinstance.py:2674} INFO - 0 downstream tasks scheduled from follow-on schedule check
